******************************************************************************
              TMS320C55x Linker PC v4.4.1                      
******************************************************************************
>> Linked Wed Mar 28 12:15:41 2018

OUTPUT FILE NAME:   <EQ.out>
ENTRY POINT SYMBOL: "_c_int00"  address: 000284ab


MEMORY CONFIGURATION

         name            origin    length      used     unused   attr    fill
                        (bytes)   (bytes)    (bytes)   (bytes)
----------------------  --------  ---------  --------  --------  ----  --------
PAGE 0:
  MMR                   00000000   000000c0  00000000  000000c0  RWIX
  DARAM0                000000c0   0000ff40  00006b14  0000942c  RWIX
  SARAM0                00010000   00010000  00000000  00010000  RWIX
  SARAM1                00020000   00020000  000085cd  00017a33  RWIX
  SARAM2                00040000   0000fe00  00000396  0000fa6a  RWIX
  VECS                  0004fe00   00000200  00000200  00000000  RWIX
  PDROM                 00ff8000   00008000  00000000  00008000  R IX

PAGE 2:
  IOPORT                00000000   00020000  00000000  00020000  RWI 


SECTION ALLOCATION MAP
(Addresses surrounded by []'s are displayed for convenience only!)

output                                                          attributes/
section   page  orgn(bytes) orgn(words) len(bytes) len(words)   input sections
--------  ----  ----------- ----------- ---------- ----------   --------------
.pinit       0   [ 00040000 ]  00020000          *   00000000   UNINITIALIZED

.stack       0   [ 000000c0 ]  00000060          *   00001000   UNINITIALIZED
                 [ 000000c0 ]  00000060          *   00001000   --HOLE--

.data        0   [ 000000c0 ]  00000060          *   00000000   UNINITIALIZED

.sysstack 
*            0   [ 000020c0 ]  00001060          *   00000800   UNINITIALIZED
                 [ 000020c0 ]  00001060          *   00000800   --HOLE--

.sysmem      0   [ 000030c0 ]  00001860          *   00001000   UNINITIALIZED
                 [ 000030c0 ]  00001860          *   00001000   --HOLE--

.bss.1       0   [ 000050c0 ]  00002860          *   00000a21   UNINITIALIZED
                 [ 000050c0 ]  00002860          *   00000408   ezdsp5535_aic3204_dma.obj (.bss)
                 [ 000058d0 ]  00002c68          *   00000310   main.obj (.bss)
                 [ 00005ef0 ]  00002f78          *   00000119   rts55x.lib : defs.obj (.bss)
                 [ 00006122 ]  00003091          *   000000d0              : trgdrv.obj (.bss)
                 [ 000062c2 ]  00003161          *   00000001              : fopen.obj (.bss)
                 [ 000062c4 ]  00003162          *   00000084   cslVC5505.lib : csl_intc.obj (.bss)
                 [ 000063cc ]  000031e6          *   00000071   rts55x.lib : lowlev.obj (.bss)
                 [ 000064ae ]  00003257          *   0000002a   cslVC5505.lib : csl_i2s.obj (.bss)

.bss.2       0   [ 00006504 ]  00003282          *   00000030   UNINITIALIZED
                 [ 00006504 ]  00003282          *   00000012   cslVC5505.lib : csl_i2c.obj (.bss)
                 [ 00006528 ]  00003294          *   00000008   ezdsp5535bsl.lib : ezdsp5535_sar.obj (.bss)
                 [ 00006538 ]  0000329c          *   00000006   rts55x.lib : memory.obj (.bss)
                 [ 00006544 ]  000032a2          *   00000004   ezdsp5535bsl.lib : ezdsp5535_gpio.obj (.bss)
                 [ 0000654c ]  000032a6          *   00000004   rts55x.lib : _lock.obj (.bss)
                 [ 00006554 ]  000032aa          *   00000004              : exit.obj (.bss)
                 [ 0000655c ]  000032ae          *   00000002   aic3204.obj (.bss)
                 [ 00006560 ]  000032b0          *   00000002   ezdsp5535bsl.lib : ezdsp5535_i2s.obj (.bss)

.const.1     0   [ 00006564 ]  000032b2          *   00000319   
                 [ 00006564 ]  000032b2          *   00000174   aic3204_init.obj (.const:.string)
                 [ 0000684c ]  00003426          *   00000101   rts55x.lib : ctype.obj (.const:__ctypes_)
                 [ 00006a4e ]  00003527          *   00000060   print_number.obj (.const:_consolas_8ptBitmaps)
                 [ 00006b0e ]  00003587          *   00000001   print_number.obj (.const)
                 [ 00006b10 ]  00003588          *   00000024   rts55x.lib : _printfi.obj (.const:.string)
                 [ 00006b58 ]  000035ac          *   0000001f   main.obj (.const:.string)

.const.2     0   [ 00006b98 ]  000035cc          *   00000020   
                 [ 00006b98 ]  000035cc          *   0000000c   rts55x.lib : _printfi.obj (.const)
                 [ 00006bb0 ]  000035d8          *   00000008              : divd.obj (.const:_initial_approx$1)
                 [ 00006bc0 ]  000035e0          *   00000006   processing.obj (.const)
                 [ 00006bcc ]  000035e6          *   00000002   rts55x.lib : fputs.obj (.const:.string)
                 [ 00006bd0 ]  000035e8          *   00000002   main.obj (.const)
                 [ 00006bd4 ]  000035ea          *   00000002   rts55x.lib : fltlid.obj (.const)

.text        0     00020000  [ 00010000 ] 000085cd          *   
                   00020000  [ 00010000 ] 000015a4          *   rts55x.lib : _printfi.obj (.text)
                   000215a4  [ 00010ad2 ] 00000c3c          *   cslVC5505.lib : csl_i2c.obj (.text)
                   000221e0  [ 000110f0 ] 00000b18          *                 : csl_sar.obj (.text)
                   00022cf8  [ 0001167c ] 000009f3          *                 : csl_i2s.obj (.text)
                   000236eb  [ 00011b75+] 0000068d          *                 : csl_gpio.obj (.text)
                   00023d78  [ 00011ebc ] 000005b5          *   aic3204_init.obj (.text)
                   0002432d  [ 00012196+] 00000554          *   cslVC5505.lib : csl_intc.obj (.text)
                   00024881  [ 00012440+] 00000543          *   rts55x.lib : lowlev.obj (.text)
                   00024dc4  [ 000126e2 ] 00000528          *              : trgdrv.obj (.text)
                   000252ec  [ 00012976 ] 000004b5          *              : memory.obj (.text)
                   000257a1  [ 00012bd0+] 000003cc          *              : divd.obj (.text)
                   00025b6d  [ 00012db6+] 0000031b          *   ezdsp5535_aic3204_dma.obj (.text)
                   00025e88  [ 00012f44 ] 000002d2          *   print_number.obj (.text)
                   0002615a  [ 000130ad ] 0000027f          *   rts55x.lib : fopen.obj (.text)
                   000263d9  [ 000131ec+] 0000027e          *   processing.obj (.text)
                   00026657  [ 0001332b+] 0000025e          *   rts55x.lib : llmpy.obj (.text)
                   000268b5  [ 0001345a+] 0000025a          *              : addd.obj (.text)
                   00026b0f  [ 00013587+] 000001ea          *              : cmpd.obj (.text)
                   00026cf9  [ 0001367c+] 00000192          *   ezdsp5535bsl.lib : ezdsp5535_lcd.obj (.text)
                   00026e8b  [ 00013745+] 0000017a          *                    : ezdsp5535_sar.obj (.text)
                   00027005  [ 00013802+] 00000163          *   rts55x.lib : fputs.obj (.text)
                   00027168  [ 000138b4 ] 0000014c          *              : mpyd.obj (.text)
                   000272b4  [ 0001395a ] 00000120          *   iir.obj (.text)
                   000273d4  [ 000139ea ] 00000107          *   ezdsp5535bsl.lib : ezdsp5535_i2s.obj (.text)
                   000274db  [ 00013a6d+] 00000104          *   main.obj (.text)
                   000275df  [ 00013aef+] 000000e6          *   rts55x.lib : setvbuf.obj (.text)
                   000276c5  [ 00013b62+] 000000dd          *              : _io_perm.obj (.text)
                   000277a2  [ 00013bd1 ] 000000cc          *   ezdsp5535_aic3204_dma.obj (.text:retain)
                   0002786e  [ 00013c37 ] 000000c3          *   aic3204.obj (.text)
                   00027931  [ 00013c98+] 000000c2          *   rts55x.lib : fflush.obj (.text)
                   000279f3  [ 00013cf9+] 000000ba          *              : trgmsg.obj (.text:CIO_breakpoint)
                   00027aad  [ 00013d56+] 000000a6          *              : fputc.obj (.text)
                   00027b53  [ 00013da9+] 000000a1          *              : divul.obj (.text)
                   00027bf4  [ 00013dfa ] 0000008e          *   ezdsp5535bsl.lib : ezdsp5535_i2c.obj (.text)
                   00027c82  [ 00013e41 ] 0000008c          *   cslVC5505.lib : csl_irqplug.obj (.text)
                   00027d0e  [ 00013e87 ] 00000087          *   ezdsp5535bsl.lib : ezdsp5535_gpio.obj (.text)
                   00027d95  [ 00013eca+] 0000007d          *   rts55x.lib : ltoa.obj (.text)
                   00027e12  [ 00013f09 ] 0000007b          *              : fclose.obj (.text)
                   00027e8d  [ 00013f46+] 00000076          *              : frcmpyd.obj (.text)
                   00027f03  [ 00013f81+] 00000073          *              : frcmpyd_div.obj (.text)
                   00027f76  [ 00013fbb ] 00000072          *              : remul.obj (.text)
                   00027fe8  [ 00013ff4 ] 0000006f          *              : fixdli.obj (.text)
                   00028057  [ 0001402b+] 0000006d          *   cslVC5505.lib : vectors.obj (.text)
                   000280c4  [ 00014062 ] 0000006d          *   rts55x.lib : trgmsg.obj (.text)
                   00028131  [ 00014098+] 0000006b          *              : fseek.obj (.text)
                   0002819c  [ 000140ce ] 00000067          *              : fltlid.obj (.text)
                   00028203  [ 00014101+] 0000005c          *              : atoi.obj (.text)
                   0002825f  [ 0001412f+] 00000054          *   ezdsp5535bsl.lib : ezdsp5535.obj (.text)
                   000282b3  [ 00014159+] 00000050          *   rts55x.lib : printf.obj (.text)
                   00028303  [ 00014181+] 0000004d          *              : autoinit.obj (.text)
                   00028350  [ 000141a8 ] 0000004b          *              : args_main.obj (.text)
                   0002839b  [ 000141cd+] 0000004b          *              : remli.obj (.text)
                   000283e6  [ 000141f3 ] 00000048          *              : divli.obj (.text)
                   0002842e  [ 00014217 ] 0000003f          *              : memcpy.obj (.text)
                   0002846d  [ 00014236+] 0000003e          *              : exit.obj (.text)
                   000284ab  [ 00014255+] 00000034          *              : boot.obj (.text)
                   000284df  [ 0001426f+] 0000002a          *              : fixdi.obj (.text)
                   00028509  [ 00014284+] 0000002a          *              : udiv.obj (.text)
                   00028533  [ 00014299+] 00000023          *              : memccpy.obj (.text)
                   00028556  [ 000142ab ] 0000001a          *              : isinf.obj (.text)
                   00028570  [ 000142b8 ] 00000014          *              : subd.obj (.text)
                   00028584  [ 000142c2 ] 00000013          *              : lmpy.obj (.text)
                   00028597  [ 000142cb+] 00000012          *              : _lock.obj (.text)
                   000285a9  [ 000142d4+] 00000010          *              : negd.obj (.text)
                   000285b9  [ 000142dc+] 0000000a          *              : remove.obj (.text)
                   000285c3  [ 000142e1+] 00000007          *              : exit.obj (.text:CIO_breakpoint)
                   000285ca  [ 000142e5 ] 00000002          *              : vectors.obj (.text)
                   000285cc  [ 000142e6 ] 00000001          *   --HOLE-- [fill = 20]

.cio         0   [ 00040000 ]  00020000          *   00000120   UNINITIALIZED
                 [ 00040000 ]  00020000          *   00000120   rts55x.lib : trgmsg.obj (.cio)

.cinit       0   [ 00040240 ]  00020120          *   00000097   
                 [ 00040240 ]  00020120          *   0000002d   rts55x.lib : lowlev.obj (.cinit)
                 [ 0004029a ]  0002014d          *   0000002a              : defs.obj (.cinit)
                 [ 000402ee ]  00020177          *   0000000f   main.obj (.cinit)
                 [ 0004030c ]  00020186          *   0000000c   ezdsp5535bsl.lib : ezdsp5535_sar.obj (.cinit)
                 [ 00040324 ]  00020192          *   0000000a   rts55x.lib : _lock.obj (.cinit)
                 [ 00040338 ]  0002019c          *   0000000a              : exit.obj (.cinit)
                 [ 0004034c ]  000201a6          *   00000008   cslVC5505.lib : csl_i2s.obj (.cinit)
                 [ 0004035c ]  000201ae          *   00000004   rts55x.lib : fopen.obj (.cinit)
                 [ 00040364 ]  000201b2          *   00000004              : memory.obj (.cinit)
                 [ 0004036c ]  000201b6          *   00000001   --HOLE-- [fill = 0]

.switch      0   [ 00040370 ]  000201b8          *   00000014   
                 [ 00040370 ]  000201b8          *   00000014   print_number.obj (.switch:_printChar)

vectors      0     0004fe00  [ 00027f00 ] 00000200          *   
                   0004fe00  [ 00027f00 ] 00000100          *   cslVC5505.lib : vectors.obj (vectors)
                   0004ff00  [ 00027f80 ] 00000100          *   rts55x.lib : vectors.obj (vectors)


GLOBAL SYMBOLS: SORTED ALPHABETICALLY BY Name 

abs. value/
byte addr   word addr   name
---------   ---------   ----
00000002                $TI_capability$C5500$CallingConvention
00000002                $TI_capability$C5500$MemoryModel
00000001                $TI_capability_requires_rev3
ffffffff                .bss
ffffffff                .data
ffffffff                .text
000285c4                C$$EXIT
00027aa8                C$$IO$$
00028584                I$$LMPY
00028509                I$$UDIV
0002851e                I$$UMOD
0004fe00                RST
0002786e                _AIC3204_rget
000278b9                _AIC3204_rset
            00002868    _DMA_InputL
            00002968    _DMA_InputR
            00002a68    _DMA_OutputL
            00002b68    _DMA_OutputR
00027d77                _EZDSP5535_GPIO_getInput
00027d0e                _EZDSP5535_GPIO_init
00027d39                _EZDSP5535_GPIO_setDirection
00027d5d                _EZDSP5535_GPIO_setOutput
00027bf4                _EZDSP5535_I2C_init
00027c5a                _EZDSP5535_I2C_read
00027c29                _EZDSP5535_I2C_reset
00027c34                _EZDSP5535_I2C_write
000274c9                _EZDSP5535_I2S_close
000273d4                _EZDSP5535_I2S_init
0002742d                _EZDSP5535_I2S_readLeft
0002748c                _EZDSP5535_I2S_readRight
0002745f                _EZDSP5535_I2S_writeLeft
000274ad                _EZDSP5535_I2S_writeRight
00026d6c                _EZDSP5535_OSD9616_init
00026d21                _EZDSP5535_OSD9616_multiSend
00026e4e                _EZDSP5535_OSD9616_printLetter
00026cf9                _EZDSP5535_OSD9616_send
00026f51                _EZDSP5535_SAR_getKey
00026e8b                _EZDSP5535_SAR_init
000282a5                _EZDSP5535_init
0002825f                _EZDSP5535_wait
00028293                _EZDSP5535_waitusec
00023bd6                _GPIO_clearInt
0002372f                _GPIO_close
00023753                _GPIO_config
00023986                _GPIO_configBit
00023ace                _GPIO_disableInt
00023b4c                _GPIO_enableInt
000237d8                _GPIO_getConfig
000236eb                _GPIO_open
00023860                _GPIO_read
00023ce9                _GPIO_reset
00023c62                _GPIO_statusBit
000238e3                _GPIO_write
            000032a2    _GpioObj
0002528e                _HOSTclock
00025223                _HOSTclose
0002516e                _HOSTlseek
000250cf                _HOSTopen
00025042                _HOSTread
00024f94                _HOSTrename
00024f36                _HOSTtime
00024ecc                _HOSTunlink
00024e3f                _HOSTwrite
0002164d                _I2C_config
00022018                _I2C_eventDisable
00021ee4                _I2C_eventEnable
000217b2                _I2C_getConfig
000221c4                _I2C_getEventId
000215a4                _I2C_init
00021cc6                _I2C_read
00022137                _I2C_setCallback
00021888                _I2C_setup
00021a82                _I2C_write
0002312d                _I2S_close
00022cf8                _I2S_open
000231df                _I2S_read
000235ef                _I2S_reset
00022e3f                _I2S_setup
000236a0                _I2S_transEnable
00023499                _I2S_write
000243c7                _IRQ_clear
00024431                _IRQ_clearAll
00024441                _IRQ_config
00024567                _IRQ_disable
000245e5                _IRQ_disableAll
000245f3                _IRQ_enable
000246ed                _IRQ_getArg
000244d4                _IRQ_getConfig
0002483b                _IRQ_globalDisable
00024854                _IRQ_globalEnable
0002486d                _IRQ_globalRestore
0002432d                _IRQ_init
00024766                _IRQ_map
00027c82                _IRQ_plug
0002467d                _IRQ_restore
00024733                _IRQ_setArg
00024798                _IRQ_setVecs
000247c9                _IRQ_test
0004ff00                _Reset
00022763                _SAR_A2DMeasParamSet
00022bdd                _SAR_GPODirSet
000222da                _SAR_chanClose
0002235e                _SAR_chanConfig
0002265a                _SAR_chanCycSet
0002225d                _SAR_chanInit
00022278                _SAR_chanOpen
00022446                _SAR_chanSetup
0002223d                _SAR_deInit
000223d4                _SAR_getConfig
00022cb9                _SAR_getStatus
000221e0                _SAR_init
00022722                _SAR_readData
000226a9                _SAR_startConversion
000226db                _SAR_stopConversion
            00003298    _SarHandle
            00003294    _SarObj
0004fe00                _VECSTART
            00020000    __CIOBUF_
000242d4                __I2S_init
            00001060    __STACK_END
00002000                __STACK_SIZE
00002000                __SYSMEM_SIZE
00001000                __SYSSTACK_SIZE
00000001                __TI_args_main
ffffffff                ___binit__
ffffffff                ___bss__
ffffffff                ___c_args__
            00020120    ___cinit__
ffffffff                ___data__
ffffffff                ___edata__
ffffffff                ___end__
ffffffff                ___etext__
00028556                ___isinf
ffffffff                ___pinit__
ffffffff                ___text__
000268b5                __addd
00028350                __args_main
0002627b                __cleanup
            000032aa    __cleanup_ptr
00026ca1                __cmpd
            00003426    __ctypes_
000257a1                __divd
000283e6                __divli
00026880                __divlli
00028509                __divu
00027b53                __divul
0002678c                __divull
00027931                __doflush
            000032ac    __dtors_ptr
00026c6d                __eqld
000284df                __fixdi
00027fe8                __fixdli
0002819c                __fltlid
00027e8d                __frcmpyd
00027f03                __frcmpyd_div
            00003090    __ft_end
            00002f78    __ftable
00026c23                __geqd
00026bd8                __gtrd
00026b8b                __leqd
            000032a6    __lock
00026b43                __lssd
00027168                __mpyd
00028584                __mpyli
000266d4                __mpylli
000285a9                __negd
00026b0f                __neqd
000285a7                __nop
00021362                __printfi
00027745                __rd_ok
0002859f                __register_lock
00028597                __register_unlock
0002839b                __remli
000266a5                __remlli
0002851e                __remu
00027f76                __remul
00026657                __remull
            00000060    __stack
00028570                __subd
            00001860    __sys_memory
            00001060    __sysstack
            00002ff0    __tmpnams
            000032a8    __unlock
000276c5                __wrt_ok
000285c3                _abort
00024cd4                _add_device
00027906                _aic3204_codec_read
0002791d                _aic3204_codec_write
000278f5                _aic3204_disable
00025b6d                _aic3204_dma_init
000278e3                _aic3204_hardware_init
00023d78                _aic3204_init
00025cf8                _aic3204_read_block
00025dad                _aic3204_write_block
00028203                _atoi
00028303                _auto_init
000284ab                _c_int00
00026420                _calculatePeekCoeff
000263d9                _calculateShelvingCoeff
0002577b                _calloc
00025773                _chkheap
00025f26                _clearLCD
00024c61                _close
            00003527    _consolas_8ptBitmaps
            000032ae    _counter1
            000032af    _counter2
            00002d68    _diracBuffer
0002846d                _exit
            00002f6c    _f
00027e12                _fclose
0002799a                _fflush
00024c58                _find_registered_device
000272b4                _first_order_IIR
0002639e                _fopen
00027aad                _fputc
00027005                _fputs
000252ec                _free
0002571d                _free_memory
000262d5                _freopen
            0000327f    _fsError
00028131                _fseek
            00003282    _gI2cObj
00024dc4                _getenv
            000032a4    _hGpio
            000032b0    _hI2s
            00002e68    _historyX
            00002ee8    _historyY
            00003292    _i2cHandle
00025e88                _initPrintNumber
            0000329a    _keyCnt1
            0000329b    _keyCnt2
00024bf2                _lseek
00027d95                _ltoa
000274db                _main
0002541d                _malloc
000256c3                _max_free
00028533                _memccpy
0002842e                _memcpy
000253b8                _minit
00024b33                _open
            00003280    _ouError
            00002de8    _outputBuffer
            00002f68    _outputCoeff
            00003297    _preKey
00025ff4                _printChar
000282b3                _printf
00027aad                _putc
00027b44                _putchar
0002713a                _puts
00024a85                _read
000280c4                _readmsg
00025512                _realloc
000285b9                _remove
00024a4f                _remove_device
000249f6                _rename
            00002c68    _sampleBufferL
            00002ce8    _sampleBufferR
0002731b                _second_order_IIR
00025fd2                _setWritePointerToFirstChar
00023f69                _set_sampling_frequency_and_gain
000275df                _setvbuf
000264ce                _shelvingHP
00026551                _shelvingLP
000265d4                _shelvingPeek
            00003587    _sign_width
000249c3                _unlink
00024881                _write
000279f3                _writemsg
ffffffff                binit
            00020120    cinit
ffffffff                edata
ffffffff                end
ffffffff                etext
ffffffff                pinit


GLOBAL SYMBOLS: SORTED BY Symbol Address 

abs. value/
byte addr   word addr   name
---------   ---------   ----
00000001                $TI_capability_requires_rev3
00000001                __TI_args_main
00000002                $TI_capability$C5500$CallingConvention
00000002                $TI_capability$C5500$MemoryModel
            00000060    __stack
00001000                __SYSSTACK_SIZE
00002000                __STACK_SIZE
00002000                __SYSMEM_SIZE
            00001060    __STACK_END
            00001060    __sysstack
            00001860    __sys_memory
            00002868    _DMA_InputL
            00002968    _DMA_InputR
            00002a68    _DMA_OutputL
            00002b68    _DMA_OutputR
            00002c68    _sampleBufferL
            00002ce8    _sampleBufferR
            00002d68    _diracBuffer
            00002de8    _outputBuffer
            00002e68    _historyX
            00002ee8    _historyY
            00002f68    _outputCoeff
            00002f6c    _f
            00002f78    __ftable
            00002ff0    __tmpnams
            00003090    __ft_end
            0000327f    _fsError
            00003280    _ouError
            00003282    _gI2cObj
            00003292    _i2cHandle
            00003294    _SarObj
            00003297    _preKey
            00003298    _SarHandle
            0000329a    _keyCnt1
            0000329b    _keyCnt2
            000032a2    _GpioObj
            000032a4    _hGpio
            000032a6    __lock
            000032a8    __unlock
            000032aa    __cleanup_ptr
            000032ac    __dtors_ptr
            000032ae    _counter1
            000032af    _counter2
            000032b0    _hI2s
            00003426    __ctypes_
            00003527    _consolas_8ptBitmaps
            00003587    _sign_width
00021362                __printfi
000215a4                _I2C_init
0002164d                _I2C_config
000217b2                _I2C_getConfig
00021888                _I2C_setup
00021a82                _I2C_write
00021cc6                _I2C_read
00021ee4                _I2C_eventEnable
00022018                _I2C_eventDisable
00022137                _I2C_setCallback
000221c4                _I2C_getEventId
000221e0                _SAR_init
0002223d                _SAR_deInit
0002225d                _SAR_chanInit
00022278                _SAR_chanOpen
000222da                _SAR_chanClose
0002235e                _SAR_chanConfig
000223d4                _SAR_getConfig
00022446                _SAR_chanSetup
0002265a                _SAR_chanCycSet
000226a9                _SAR_startConversion
000226db                _SAR_stopConversion
00022722                _SAR_readData
00022763                _SAR_A2DMeasParamSet
00022bdd                _SAR_GPODirSet
00022cb9                _SAR_getStatus
00022cf8                _I2S_open
00022e3f                _I2S_setup
0002312d                _I2S_close
000231df                _I2S_read
00023499                _I2S_write
000235ef                _I2S_reset
000236a0                _I2S_transEnable
000236eb                _GPIO_open
0002372f                _GPIO_close
00023753                _GPIO_config
000237d8                _GPIO_getConfig
00023860                _GPIO_read
000238e3                _GPIO_write
00023986                _GPIO_configBit
00023ace                _GPIO_disableInt
00023b4c                _GPIO_enableInt
00023bd6                _GPIO_clearInt
00023c62                _GPIO_statusBit
00023ce9                _GPIO_reset
00023d78                _aic3204_init
00023f69                _set_sampling_frequency_and_gain
000242d4                __I2S_init
0002432d                _IRQ_init
000243c7                _IRQ_clear
00024431                _IRQ_clearAll
00024441                _IRQ_config
000244d4                _IRQ_getConfig
00024567                _IRQ_disable
000245e5                _IRQ_disableAll
000245f3                _IRQ_enable
0002467d                _IRQ_restore
000246ed                _IRQ_getArg
00024733                _IRQ_setArg
00024766                _IRQ_map
00024798                _IRQ_setVecs
000247c9                _IRQ_test
0002483b                _IRQ_globalDisable
00024854                _IRQ_globalEnable
0002486d                _IRQ_globalRestore
00024881                _write
000249c3                _unlink
000249f6                _rename
00024a4f                _remove_device
00024a85                _read
00024b33                _open
00024bf2                _lseek
00024c58                _find_registered_device
00024c61                _close
00024cd4                _add_device
00024dc4                _getenv
00024e3f                _HOSTwrite
00024ecc                _HOSTunlink
00024f36                _HOSTtime
00024f94                _HOSTrename
00025042                _HOSTread
000250cf                _HOSTopen
0002516e                _HOSTlseek
00025223                _HOSTclose
0002528e                _HOSTclock
000252ec                _free
000253b8                _minit
0002541d                _malloc
00025512                _realloc
000256c3                _max_free
0002571d                _free_memory
00025773                _chkheap
0002577b                _calloc
000257a1                __divd
00025b6d                _aic3204_dma_init
00025cf8                _aic3204_read_block
00025dad                _aic3204_write_block
00025e88                _initPrintNumber
00025f26                _clearLCD
00025fd2                _setWritePointerToFirstChar
00025ff4                _printChar
0002627b                __cleanup
000262d5                _freopen
0002639e                _fopen
000263d9                _calculateShelvingCoeff
00026420                _calculatePeekCoeff
000264ce                _shelvingHP
00026551                _shelvingLP
000265d4                _shelvingPeek
00026657                __remull
000266a5                __remlli
000266d4                __mpylli
0002678c                __divull
00026880                __divlli
000268b5                __addd
00026b0f                __neqd
00026b43                __lssd
00026b8b                __leqd
00026bd8                __gtrd
00026c23                __geqd
00026c6d                __eqld
00026ca1                __cmpd
00026cf9                _EZDSP5535_OSD9616_send
00026d21                _EZDSP5535_OSD9616_multiSend
00026d6c                _EZDSP5535_OSD9616_init
00026e4e                _EZDSP5535_OSD9616_printLetter
00026e8b                _EZDSP5535_SAR_init
00026f51                _EZDSP5535_SAR_getKey
00027005                _fputs
0002713a                _puts
00027168                __mpyd
000272b4                _first_order_IIR
0002731b                _second_order_IIR
000273d4                _EZDSP5535_I2S_init
0002742d                _EZDSP5535_I2S_readLeft
0002745f                _EZDSP5535_I2S_writeLeft
0002748c                _EZDSP5535_I2S_readRight
000274ad                _EZDSP5535_I2S_writeRight
000274c9                _EZDSP5535_I2S_close
000274db                _main
000275df                _setvbuf
000276c5                __wrt_ok
00027745                __rd_ok
0002786e                _AIC3204_rget
000278b9                _AIC3204_rset
000278e3                _aic3204_hardware_init
000278f5                _aic3204_disable
00027906                _aic3204_codec_read
0002791d                _aic3204_codec_write
00027931                __doflush
0002799a                _fflush
000279f3                _writemsg
00027aa8                C$$IO$$
00027aad                _fputc
00027aad                _putc
00027b44                _putchar
00027b53                __divul
00027bf4                _EZDSP5535_I2C_init
00027c29                _EZDSP5535_I2C_reset
00027c34                _EZDSP5535_I2C_write
00027c5a                _EZDSP5535_I2C_read
00027c82                _IRQ_plug
00027d0e                _EZDSP5535_GPIO_init
00027d39                _EZDSP5535_GPIO_setDirection
00027d5d                _EZDSP5535_GPIO_setOutput
00027d77                _EZDSP5535_GPIO_getInput
00027d95                _ltoa
00027e12                _fclose
00027e8d                __frcmpyd
00027f03                __frcmpyd_div
00027f76                __remul
00027fe8                __fixdli
000280c4                _readmsg
00028131                _fseek
0002819c                __fltlid
00028203                _atoi
0002825f                _EZDSP5535_wait
00028293                _EZDSP5535_waitusec
000282a5                _EZDSP5535_init
000282b3                _printf
00028303                _auto_init
00028350                __args_main
0002839b                __remli
000283e6                __divli
0002842e                _memcpy
0002846d                _exit
000284ab                _c_int00
000284df                __fixdi
00028509                I$$UDIV
00028509                __divu
0002851e                I$$UMOD
0002851e                __remu
00028533                _memccpy
00028556                ___isinf
00028570                __subd
00028584                I$$LMPY
00028584                __mpyli
00028597                __register_unlock
0002859f                __register_lock
000285a7                __nop
000285a9                __negd
000285b9                _remove
000285c3                _abort
000285c4                C$$EXIT
            00020000    __CIOBUF_
            00020120    ___cinit__
            00020120    cinit
0004fe00                RST
0004fe00                _VECSTART
0004ff00                _Reset
ffffffff                .bss
ffffffff                .data
ffffffff                .text
ffffffff                ___binit__
ffffffff                ___bss__
ffffffff                ___c_args__
ffffffff                ___data__
ffffffff                ___edata__
ffffffff                ___end__
ffffffff                ___etext__
ffffffff                ___pinit__
ffffffff                ___text__
ffffffff                binit
ffffffff                edata
ffffffff                end
ffffffff                etext
ffffffff                pinit

[274 symbols]
